{
  "device": "Commode",
  "diagnosis": "Hip replacement recovery, fall risk",
  "ordering_provider": "Dr. Park",
  "patient_name": "Eleanor Davis",
  "dob": "11/28/1938"
}