{
  "device": "Compression Pump",
  "diagnosis": "Lymphedema, chronic venous insufficiency",
  "ordering_provider": "Dr. Lee",
  "patient_name": "Linda Thompson",
  "dob": "02/14/1971"
}