{
  "device": "CPAP",
  "diagnosis": "Sleep apnea",
  "ordering_provider": "Dr. Smith"
}