{
  "device": "Blood Glucose Monitor",
  "usage": "daily diabetes management",
  "diagnosis": "Type 1 Diabetes Mellitus",
  "ordering_provider": "Dr. Williams",
  "patient_name": "Sarah Johnson",
  "dob": "04/18/1987"
}