{
  "device": "Hospital Bed",
  "diagnosis": "Post-surgical recovery, limited mobility",
  "ordering_provider": "Dr. Martinez",
  "patient_name": "Robert Wilson",
  "dob": "08/15/1978",
  "add_ons": [
    "adjustable height",
    "side rails",
    "pressure relieving mattress"
  ],
  "qualifier": "pressure sore risk"
}