{
  "device": "Mobility Scooter",
  "diagnosis": "Severe arthritis, mobility impairment",
  "ordering_provider": "Dr. Anderson",
  "patient_name": "Dorothy Chen",
  "dob": "12/03/1942"
}