{
  "device": "TENS Unit",
  "diagnosis": "Chronic lower back pain, muscle spasms",
  "ordering_provider": "Dr. Garcia",
  "patient_name": "James Cooper",
  "dob": "09/07/1964"
}