{
  "device": "Ventilator",
  "diagnosis": "Chronic respiratory failure, ALS",
  "ordering_provider": "Dr. Thompson",
  "patient_name": "Michael Rodriguez",
  "dob": "06/22/1956"
}